Starting a Gradle Daemon, 6 stopped Daemons could not be reused, use --status for details
> Task :gradle:checkKotlinGradlePluginConfigurationErrors SKIPPED
> Task :gradle:compileKotlin UP-TO-DATE
> Task :gradle:compileJava NO-SOURCE
> Task :gradle:compileGroovy NO-SOURCE
> Task :gradle:pluginDescriptors UP-TO-DATE
> Task :gradle:processResources UP-TO-DATE
> Task :gradle:classes UP-TO-DATE
> Task :gradle:jar UP-TO-DATE
> Task :app:checkKotlinGradlePluginConfigurationErrors SKIPPED

> Task :app:compileFlutterBuildDebug
.\gradlew.bat : E:\GitH
ub\Scroll-Sense\.dart_t
ool\package_config.json
 does not exist.
At line:1 char:69
+ ... cd android; 
.\gradlew.bat compileDe
bugJavaWithJavac 
compileDebugKotli ...
+                 ~~~~~
~~~~~~~~~~~~~~~~~~~~~~~
~~~~~~~~~~~~~~~~~~~~~~~
~~~~~~
    + CategoryInfo     
         : NotSpecifi  
  ed: (E:\GitHub\Scr   
 ol...does not exis    
t.:String) [], Rem    
oteException
    + FullyQualifiedEr 
   rorId : NativeComm  
  andError
 
Did you run this 
command from the same 
directory as your 
pubspec.yaml file?
E:\GitHub\Scroll-Sense\
.dart_tool\package_conf
ig.json does not exist.
Did you run this 
command from the same 
directory as your 
pubspec.yaml file?
Target dart_build 
failed: Error: 
Target gen_dart_plugin_
registrant failed: 
Error: 


> Task :app:compileFlutterBuildDebug FAILED

[Incubating] Problems report is available at: file:///E:/GitHub/Scroll-Sense/build/reports/problems/problems-report.html

FAILURE: Build failed 
with an exception.

* What went wrong:
Execution failed for 
task ':app:compileFlutt
erBuildDebug'.
> Process 'command 'C:\
flutter\bin\flutter.bat
'' finished with 
non-zero exit value 1

* Try:
> Run with 
--stacktrace option to 
get the stack trace.
> Run with --info or 
--debug option to get 
more log output.
> Run with --scan to 
get full insights.
> Get more help at http
s://help.gradle.org.

Deprecated Gradle features were used in this build, making it incompatible with Gradle 9.0.

You can use '--warning-mode all' to show the individual deprecation warnings and determine if they come from your own scripts or plugins.

For more on this, please refer to https://docs.gradle.org/8.14/userguide/command_line_interface.html#sec:command_line_warnings in the Gradle documentation.

BUILD FAILED in 25s
5 actionable tasks: 1 executed, 4 up-to-date
